<?php return array (
  0 => 'Symfony\\Bundle\\FrameworkBundle\\Controller\\AbstractController',
  1 => 'App\\Controller\\CategoryProductController',
  2 => 'App\\Controller\\ClasseTherapeutiqueController',
  3 => 'App\\Controller\\DciController',
  4 => 'App\\Controller\\FormeGaleniqueController',
  5 => 'App\\Controller\\GammeController',
  6 => 'App\\Controller\\LaboratoryController',
  7 => 'App\\Controller\\PaysController',
  8 => 'App\\Controller\\PharmacyController',
  9 => 'App\\Controller\\ProductController',
  10 => 'App\\Controller\\ProductTableController',
  11 => 'App\\Controller\\SecteurController',
  12 => 'App\\Controller\\SousgameController',
  13 => 'App\\Controller\\TaxeAchatController',
  14 => 'App\\Controller\\TaxeVenteController',
  15 => 'App\\Controller\\TypePharmacyController',
  16 => 'App\\Controller\\VilleController',
  17 => 'App\\Entity\\CategoryProduct',
  18 => 'App\\Entity\\ClasseTherapeutique',
  19 => 'App\\Entity\\Dci',
  20 => 'App\\Entity\\FormeGalenique',
  21 => 'App\\Entity\\Gamme',
  22 => 'App\\Entity\\Laboratory',
  23 => 'App\\Entity\\Pays',
  24 => 'App\\Entity\\Pharmacy',
  25 => 'App\\Entity\\Product',
  26 => 'App\\Entity\\ProductTable',
  27 => 'App\\Entity\\Secteur',
  28 => 'App\\Entity\\Sousgame',
  29 => 'App\\Entity\\TaxeAchat',
  30 => 'App\\Entity\\TaxeVente',
  31 => 'App\\Entity\\TypePharmacy',
  32 => 'App\\Entity\\Ville',
  33 => 'App\\Entity\\Youssef',
  34 => 'Doctrine\\Bundle\\DoctrineBundle\\Controller\\ProfilerController',
  35 => 'Doctrine\\ORM\\Cache\\Persister\\Entity\\AbstractEntityPersister',
  36 => 'Doctrine\\ORM\\Cache\\Persister\\Entity\\CachedEntityPersister',
  37 => 'Doctrine\\ORM\\Cache\\Persister\\Entity\\NonStrictReadWriteCachedEntityPersister',
  38 => 'Doctrine\\ORM\\Cache\\Persister\\Entity\\ReadOnlyCachedEntityPersister',
  39 => 'Doctrine\\ORM\\Cache\\Persister\\Entity\\ReadWriteCachedEntityPersister',
  40 => 'Doctrine\\ORM\\Persisters\\Entity\\AbstractEntityInheritancePersister',
  41 => 'Doctrine\\ORM\\Persisters\\Entity\\BasicEntityPersister',
  42 => 'Doctrine\\ORM\\Persisters\\Entity\\CachedPersisterContext',
  43 => 'Doctrine\\ORM\\Persisters\\Entity\\EntityPersister',
  44 => 'Doctrine\\ORM\\Persisters\\Entity\\JoinedSubclassPersister',
  45 => 'Doctrine\\ORM\\Persisters\\Entity\\SingleTablePersister',
  47 => 'Symfony\\Bundle\\FrameworkBundle\\Controller\\ControllerResolver',
  48 => 'Symfony\\Bundle\\FrameworkBundle\\Controller\\RedirectController',
  49 => 'Symfony\\Bundle\\FrameworkBundle\\Controller\\TemplateController',
  50 => 'Symfony\\Bundle\\WebProfilerBundle\\Controller\\ExceptionPanelController',
  51 => 'Symfony\\Bundle\\WebProfilerBundle\\Controller\\ProfilerController',
  52 => 'Symfony\\Bundle\\WebProfilerBundle\\Controller\\RouterController',
  53 => 'Symfony\\Component\\HttpKernel\\Controller\\ArgumentResolver',
  54 => 'Symfony\\Component\\HttpKernel\\Controller\\ArgumentResolverInterface',
  55 => 'Symfony\\Component\\HttpKernel\\Controller\\ArgumentResolver\\DefaultValueResolver',
  56 => 'Symfony\\Component\\HttpKernel\\Controller\\ArgumentResolver\\NotTaggedControllerValueResolver',
  57 => 'Symfony\\Component\\HttpKernel\\Controller\\ArgumentResolver\\RequestAttributeValueResolver',
  58 => 'Symfony\\Component\\HttpKernel\\Controller\\ArgumentResolver\\RequestValueResolver',
  59 => 'Symfony\\Component\\HttpKernel\\Controller\\ArgumentResolver\\ServiceValueResolver',
  60 => 'Symfony\\Component\\HttpKernel\\Controller\\ArgumentResolver\\SessionValueResolver',
  61 => 'Symfony\\Component\\HttpKernel\\Controller\\ArgumentResolver\\TraceableValueResolver',
  62 => 'Symfony\\Component\\HttpKernel\\Controller\\ArgumentResolver\\VariadicValueResolver',
  63 => 'Symfony\\Component\\HttpKernel\\Controller\\ArgumentValueResolverInterface',
  64 => 'Symfony\\Component\\HttpKernel\\Controller\\ContainerControllerResolver',
  65 => 'Symfony\\Component\\HttpKernel\\Controller\\ControllerReference',
  66 => 'Symfony\\Component\\HttpKernel\\Controller\\ControllerResolver',
  67 => 'Symfony\\Component\\HttpKernel\\Controller\\ControllerResolverInterface',
  68 => 'Symfony\\Component\\HttpKernel\\Controller\\ErrorController',
  69 => 'Symfony\\Component\\HttpKernel\\Controller\\TraceableArgumentResolver',
  70 => 'Symfony\\Component\\HttpKernel\\Controller\\TraceableControllerResolver',
  71 => 'Symfony\\Component\\Security\\Http\\Controller\\UserValueResolver',
);